// Jest Snapshot v1, https://goo.gl/fbAQLP

exports[`should render children and match snapshot 1`] = `
ShallowWrapper {
  Symbol(enzyme.__root__): [Circular],
  Symbol(enzyme.__unrendered__): <Connect(CrossVisualizer)
    store={
      Object {
        "clearActions": [Function],
        "dispatch": [Function],
        "getActions": [Function],
        "getState": [Function],
        "replaceReducer": [Function],
        "subscribe": [Function],
      }
    }
  />,
  Symbol(enzyme.__renderer__): Object {
    "batchedUpdates": [Function],
    "getNode": [Function],
    "render": [Function],
    "simulateError": [Function],
    "simulateEvent": [Function],
    "unmount": [Function],
  },
  Symbol(enzyme.__node__): Object {
    "instance": null,
    "key": undefined,
    "nodeType": "class",
    "props": Object {
      "actions": Object {
        "getOrdersData": [Function],
      },
      "state": Object {
        "error": false,
        "errorMes": "",
        "loading": false,
        "ordersData": Array [
          Object {
            "branch": "Branch D",
            "deliveryArea": "Mirqab",
            "orderAmount": "$51.89",
            "orderdate": "2015-03-16T19:46:12+00:00",
            "orderid": 36,
            "paymentMethod": "Cash",
            "userid": "94a16117-9db3-4f25-abdf-1c3ef6578097",
          },
          Object {
            "branch": "Branch A",
            "deliveryArea": "Funaitees",
            "orderAmount": "$22.77",
            "orderdate": "2015-11-06T12:33:56+00:00",
            "orderid": 37,
            "paymentMethod": "KNET",
            "userid": "0aed2c89-8d05-4a0c-b5dd-35c24829020e",
          },
        ],
      },
      "store": Object {
        "clearActions": [Function],
        "dispatch": [Function],
        "getActions": [Function],
        "getState": [Function],
        "replaceReducer": [Function],
        "subscribe": [Function],
      },
      "storeSubscription": Subscription {
        "listeners": Object {
          "clear": [Function],
          "get": [Function],
          "notify": [Function],
          "subscribe": [Function],
        },
        "onStateChange": [Function],
        "parentSub": undefined,
        "store": Object {
          "clearActions": [Function],
          "dispatch": [Function],
          "getActions": [Function],
          "getState": [Function],
          "replaceReducer": [Function],
          "subscribe": [Function],
        },
        "unsubscribe": [Function],
      },
    },
    "ref": null,
    "rendered": null,
    "type": [Function],
  },
  Symbol(enzyme.__nodes__): Array [
    Object {
      "instance": null,
      "key": undefined,
      "nodeType": "class",
      "props": Object {
        "actions": Object {
          "getOrdersData": [Function],
        },
        "state": Object {
          "error": false,
          "errorMes": "",
          "loading": false,
          "ordersData": Array [
            Object {
              "branch": "Branch D",
              "deliveryArea": "Mirqab",
              "orderAmount": "$51.89",
              "orderdate": "2015-03-16T19:46:12+00:00",
              "orderid": 36,
              "paymentMethod": "Cash",
              "userid": "94a16117-9db3-4f25-abdf-1c3ef6578097",
            },
            Object {
              "branch": "Branch A",
              "deliveryArea": "Funaitees",
              "orderAmount": "$22.77",
              "orderdate": "2015-11-06T12:33:56+00:00",
              "orderid": 37,
              "paymentMethod": "KNET",
              "userid": "0aed2c89-8d05-4a0c-b5dd-35c24829020e",
            },
          ],
        },
        "store": Object {
          "clearActions": [Function],
          "dispatch": [Function],
          "getActions": [Function],
          "getState": [Function],
          "replaceReducer": [Function],
          "subscribe": [Function],
        },
        "storeSubscription": Subscription {
          "listeners": Object {
            "clear": [Function],
            "get": [Function],
            "notify": [Function],
            "subscribe": [Function],
          },
          "onStateChange": [Function],
          "parentSub": undefined,
          "store": Object {
            "clearActions": [Function],
            "dispatch": [Function],
            "getActions": [Function],
            "getState": [Function],
            "replaceReducer": [Function],
            "subscribe": [Function],
          },
          "unsubscribe": [Function],
        },
      },
      "ref": null,
      "rendered": null,
      "type": [Function],
    },
  ],
  Symbol(enzyme.__options__): Object {
    "adapter": ReactSixteenAdapter {
      "options": Object {
        "enableComponentDidUpdateOnSetState": true,
        "lifecycles": Object {
          "componentDidUpdate": Object {
            "onSetState": true,
          },
          "getDerivedStateFromProps": true,
          "getSnapshotBeforeUpdate": true,
          "setState": Object {
            "skipsComponentDidUpdateOnNullish": true,
          },
        },
      },
    },
  },
}
`;
