// Jest Snapshot v1, https://goo.gl/fbAQLP

exports[`<OrdersCountBar /> Component should render children and match snapshot 1`] = `
ShallowWrapper {
  Symbol(enzyme.__root__): [Circular],
  Symbol(enzyme.__unrendered__): <OrdersCountBar
    dimension={Object {}}
    dimensions={
      Object {
        "ordersByBranch": Object {
          "accessor": [Function],
          "bottom": [Function],
          "currentFilter": [Function],
          "dispose": [Function],
          "filter": [Function],
          "filterAll": [Function],
          "filterExact": [Function],
          "filterFunction": [Function],
          "filterRange": [Function],
          "group": [Function],
          "groupAll": [Function],
          "hasCurrentFilter": [Function],
          "id": [Function],
          "remove": [Function],
          "top": [Function],
        },
        "ordersByDate": Object {
          "accessor": [Function],
          "bottom": [Function],
          "currentFilter": [Function],
          "dispose": [Function],
          "filter": [Function],
          "filterAll": [Function],
          "filterExact": [Function],
          "filterFunction": [Function],
          "filterRange": [Function],
          "group": [Function],
          "groupAll": [Function],
          "hasCurrentFilter": [Function],
          "id": [Function],
          "remove": [Function],
          "top": [Function],
        },
        "ordersByDeliveryArea": Object {
          "accessor": [Function],
          "bottom": [Function],
          "currentFilter": [Function],
          "dispose": [Function],
          "filter": [Function],
          "filterAll": [Function],
          "filterExact": [Function],
          "filterFunction": [Function],
          "filterRange": [Function],
          "group": [Function],
          "groupAll": [Function],
          "hasCurrentFilter": [Function],
          "id": [Function],
          "remove": [Function],
          "top": [Function],
        },
        "ordersByPaymentMethod": Object {
          "accessor": [Function],
          "bottom": [Function],
          "currentFilter": [Function],
          "dispose": [Function],
          "filter": [Function],
          "filterAll": [Function],
          "filterExact": [Function],
          "filterFunction": [Function],
          "filterRange": [Function],
          "group": [Function],
          "groupAll": [Function],
          "hasCurrentFilter": [Function],
          "id": [Function],
          "remove": [Function],
          "top": [Function],
        },
        "ordersBySize": Object {
          "accessor": [Function],
          "bottom": [Function],
          "currentFilter": [Function],
          "dispose": [Function],
          "filter": [Function],
          "filterAll": [Function],
          "filterExact": [Function],
          "filterFunction": [Function],
          "filterRange": [Function],
          "group": [Function],
          "groupAll": [Function],
          "hasCurrentFilter": [Function],
          "id": [Function],
          "remove": [Function],
          "top": [Function],
        },
        "ordersByTimeOfDay": Object {
          "accessor": [Function],
          "bottom": [Function],
          "currentFilter": [Function],
          "dispose": [Function],
          "filter": [Function],
          "filterAll": [Function],
          "filterExact": [Function],
          "filterFunction": [Function],
          "filterRange": [Function],
          "group": [Function],
          "groupAll": [Function],
          "hasCurrentFilter": [Function],
          "id": [Function],
          "remove": [Function],
          "top": [Function],
        },
        "ordersByWeekDay": Object {
          "accessor": [Function],
          "bottom": [Function],
          "currentFilter": [Function],
          "dispose": [Function],
          "filter": [Function],
          "filterAll": [Function],
          "filterExact": [Function],
          "filterFunction": [Function],
          "filterRange": [Function],
          "group": [Function],
          "groupAll": [Function],
          "hasCurrentFilter": [Function],
          "id": [Function],
          "remove": [Function],
          "top": [Function],
        },
      }
    }
    onFilter={[MockFunction]}
    orders={
      Object {
        "add": [Function],
        "all": [Function],
        "allFiltered": [Function],
        "dimension": [Function],
        "groupAll": [Function],
        "isElementFiltered": [Function],
        "onChange": [Function],
        "remove": [Function],
        "size": [Function],
      }
    }
  />,
  Symbol(enzyme.__renderer__): Object {
    "batchedUpdates": [Function],
    "getNode": [Function],
    "render": [Function],
    "simulateError": [Function],
    "simulateEvent": [Function],
    "unmount": [Function],
  },
  Symbol(enzyme.__node__): Object {
    "instance": null,
    "key": undefined,
    "nodeType": "host",
    "props": Object {
      "children": <FlexGridRow
        gutter={48}
        justify="space-around"
      >
        <BarChart
          data={
            Array [
              Object {
                "key": "Branch A",
                "value": 4,
              },
              Object {
                "key": "Branch B",
                "value": 4,
              },
              Object {
                "key": "Branch C",
                "value": 3,
              },
              Object {
                "key": "Branch D",
                "value": 6,
              },
              Object {
                "key": "Branch E",
                "value": 3,
              },
              Object {
                "key": "Branch F",
                "value": 7,
              },
            ]
          }
          onClick={[Function]}
          x="key"
          y="value"
        />
        <BarChart
          data={
            Array [
              Object {
                "key": "Rai",
                "value": 2,
              },
              Object {
                "key": "Reggai",
                "value": 2,
              },
              Object {
                "key": "Zahra",
                "value": 2,
              },
              Object {
                "key": "Qibla",
                "value": 2,
              },
              Object {
                "key": "Doha",
                "value": 1,
              },
              Object {
                "key": "Fahaheel",
                "value": 1,
              },
              Object {
                "key": "Abu Halifa",
                "value": 1,
              },
              Object {
                "key": "Jaber Al Ahmad",
                "value": 1,
              },
              Object {
                "key": "Al Qusour",
                "value": 1,
              },
              Object {
                "key": "Jaber Al Ali",
                "value": 1,
              },
              Object {
                "key": "Mirqab",
                "value": 1,
              },
              Object {
                "key": "Nahda",
                "value": 1,
              },
              Object {
                "key": "Nuzha",
                "value": 1,
              },
              Object {
                "key": "Qasser",
                "value": 1,
              },
              Object {
                "key": "Rabiya",
                "value": 1,
              },
              Object {
                "key": "Hadiya",
                "value": 1,
              },
              Object {
                "key": "Qortuba",
                "value": 1,
              },
              Object {
                "key": "Faiha",
                "value": 1,
              },
              Object {
                "key": "Al Bidae",
                "value": 1,
              },
              Object {
                "key": "Abu Al Hasaniya",
                "value": 1,
              },
            ]
          }
          onClick={[Function]}
          x="key"
          y="value"
        />
        <BarChart
          data={
            Array [
              Object {
                "key": "Fridays",
                "value": 1,
              },
              Object {
                "key": "Mondays",
                "value": 1,
              },
              Object {
                "key": "Saturdays",
                "value": 6,
              },
              Object {
                "key": "Sundays",
                "value": 3,
              },
              Object {
                "key": "Thursdays",
                "value": 8,
              },
              Object {
                "key": "Tuesdays",
                "value": 2,
              },
              Object {
                "key": "Wednesdays",
                "value": 6,
              },
            ]
          }
          onClick={[Function]}
          x="key"
          y="value"
        />
      </FlexGridRow>,
    },
    "ref": null,
    "rendered": Object {
      "instance": null,
      "key": undefined,
      "nodeType": "function",
      "props": Object {
        "children": Array [
          <BarChart
            data={
              Array [
                Object {
                  "key": "Branch A",
                  "value": 4,
                },
                Object {
                  "key": "Branch B",
                  "value": 4,
                },
                Object {
                  "key": "Branch C",
                  "value": 3,
                },
                Object {
                  "key": "Branch D",
                  "value": 6,
                },
                Object {
                  "key": "Branch E",
                  "value": 3,
                },
                Object {
                  "key": "Branch F",
                  "value": 7,
                },
              ]
            }
            onClick={[Function]}
            x="key"
            y="value"
          />,
          <BarChart
            data={
              Array [
                Object {
                  "key": "Rai",
                  "value": 2,
                },
                Object {
                  "key": "Reggai",
                  "value": 2,
                },
                Object {
                  "key": "Zahra",
                  "value": 2,
                },
                Object {
                  "key": "Qibla",
                  "value": 2,
                },
                Object {
                  "key": "Doha",
                  "value": 1,
                },
                Object {
                  "key": "Fahaheel",
                  "value": 1,
                },
                Object {
                  "key": "Abu Halifa",
                  "value": 1,
                },
                Object {
                  "key": "Jaber Al Ahmad",
                  "value": 1,
                },
                Object {
                  "key": "Al Qusour",
                  "value": 1,
                },
                Object {
                  "key": "Jaber Al Ali",
                  "value": 1,
                },
                Object {
                  "key": "Mirqab",
                  "value": 1,
                },
                Object {
                  "key": "Nahda",
                  "value": 1,
                },
                Object {
                  "key": "Nuzha",
                  "value": 1,
                },
                Object {
                  "key": "Qasser",
                  "value": 1,
                },
                Object {
                  "key": "Rabiya",
                  "value": 1,
                },
                Object {
                  "key": "Hadiya",
                  "value": 1,
                },
                Object {
                  "key": "Qortuba",
                  "value": 1,
                },
                Object {
                  "key": "Faiha",
                  "value": 1,
                },
                Object {
                  "key": "Al Bidae",
                  "value": 1,
                },
                Object {
                  "key": "Abu Al Hasaniya",
                  "value": 1,
                },
              ]
            }
            onClick={[Function]}
            x="key"
            y="value"
          />,
          <BarChart
            data={
              Array [
                Object {
                  "key": "Fridays",
                  "value": 1,
                },
                Object {
                  "key": "Mondays",
                  "value": 1,
                },
                Object {
                  "key": "Saturdays",
                  "value": 6,
                },
                Object {
                  "key": "Sundays",
                  "value": 3,
                },
                Object {
                  "key": "Thursdays",
                  "value": 8,
                },
                Object {
                  "key": "Tuesdays",
                  "value": 2,
                },
                Object {
                  "key": "Wednesdays",
                  "value": 6,
                },
              ]
            }
            onClick={[Function]}
            x="key"
            y="value"
          />,
        ],
        "gutter": 48,
        "justify": "space-around",
      },
      "ref": null,
      "rendered": Array [
        Object {
          "instance": null,
          "key": undefined,
          "nodeType": "function",
          "props": Object {
            "data": Array [
              Object {
                "key": "Branch A",
                "value": 4,
              },
              Object {
                "key": "Branch B",
                "value": 4,
              },
              Object {
                "key": "Branch C",
                "value": 3,
              },
              Object {
                "key": "Branch D",
                "value": 6,
              },
              Object {
                "key": "Branch E",
                "value": 3,
              },
              Object {
                "key": "Branch F",
                "value": 7,
              },
            ],
            "onClick": [Function],
            "x": "key",
            "y": "value",
          },
          "ref": null,
          "rendered": null,
          "type": [Function],
        },
        Object {
          "instance": null,
          "key": undefined,
          "nodeType": "function",
          "props": Object {
            "data": Array [
              Object {
                "key": "Rai",
                "value": 2,
              },
              Object {
                "key": "Reggai",
                "value": 2,
              },
              Object {
                "key": "Zahra",
                "value": 2,
              },
              Object {
                "key": "Qibla",
                "value": 2,
              },
              Object {
                "key": "Doha",
                "value": 1,
              },
              Object {
                "key": "Fahaheel",
                "value": 1,
              },
              Object {
                "key": "Abu Halifa",
                "value": 1,
              },
              Object {
                "key": "Jaber Al Ahmad",
                "value": 1,
              },
              Object {
                "key": "Al Qusour",
                "value": 1,
              },
              Object {
                "key": "Jaber Al Ali",
                "value": 1,
              },
              Object {
                "key": "Mirqab",
                "value": 1,
              },
              Object {
                "key": "Nahda",
                "value": 1,
              },
              Object {
                "key": "Nuzha",
                "value": 1,
              },
              Object {
                "key": "Qasser",
                "value": 1,
              },
              Object {
                "key": "Rabiya",
                "value": 1,
              },
              Object {
                "key": "Hadiya",
                "value": 1,
              },
              Object {
                "key": "Qortuba",
                "value": 1,
              },
              Object {
                "key": "Faiha",
                "value": 1,
              },
              Object {
                "key": "Al Bidae",
                "value": 1,
              },
              Object {
                "key": "Abu Al Hasaniya",
                "value": 1,
              },
            ],
            "onClick": [Function],
            "x": "key",
            "y": "value",
          },
          "ref": null,
          "rendered": null,
          "type": [Function],
        },
        Object {
          "instance": null,
          "key": undefined,
          "nodeType": "function",
          "props": Object {
            "data": Array [
              Object {
                "key": "Fridays",
                "value": 1,
              },
              Object {
                "key": "Mondays",
                "value": 1,
              },
              Object {
                "key": "Saturdays",
                "value": 6,
              },
              Object {
                "key": "Sundays",
                "value": 3,
              },
              Object {
                "key": "Thursdays",
                "value": 8,
              },
              Object {
                "key": "Tuesdays",
                "value": 2,
              },
              Object {
                "key": "Wednesdays",
                "value": 6,
              },
            ],
            "onClick": [Function],
            "x": "key",
            "y": "value",
          },
          "ref": null,
          "rendered": null,
          "type": [Function],
        },
      ],
      "type": [Function],
    },
    "type": "div",
  },
  Symbol(enzyme.__nodes__): Array [
    Object {
      "instance": null,
      "key": undefined,
      "nodeType": "host",
      "props": Object {
        "children": <FlexGridRow
          gutter={48}
          justify="space-around"
        >
          <BarChart
            data={
              Array [
                Object {
                  "key": "Branch A",
                  "value": 4,
                },
                Object {
                  "key": "Branch B",
                  "value": 4,
                },
                Object {
                  "key": "Branch C",
                  "value": 3,
                },
                Object {
                  "key": "Branch D",
                  "value": 6,
                },
                Object {
                  "key": "Branch E",
                  "value": 3,
                },
                Object {
                  "key": "Branch F",
                  "value": 7,
                },
              ]
            }
            onClick={[Function]}
            x="key"
            y="value"
          />
          <BarChart
            data={
              Array [
                Object {
                  "key": "Rai",
                  "value": 2,
                },
                Object {
                  "key": "Reggai",
                  "value": 2,
                },
                Object {
                  "key": "Zahra",
                  "value": 2,
                },
                Object {
                  "key": "Qibla",
                  "value": 2,
                },
                Object {
                  "key": "Doha",
                  "value": 1,
                },
                Object {
                  "key": "Fahaheel",
                  "value": 1,
                },
                Object {
                  "key": "Abu Halifa",
                  "value": 1,
                },
                Object {
                  "key": "Jaber Al Ahmad",
                  "value": 1,
                },
                Object {
                  "key": "Al Qusour",
                  "value": 1,
                },
                Object {
                  "key": "Jaber Al Ali",
                  "value": 1,
                },
                Object {
                  "key": "Mirqab",
                  "value": 1,
                },
                Object {
                  "key": "Nahda",
                  "value": 1,
                },
                Object {
                  "key": "Nuzha",
                  "value": 1,
                },
                Object {
                  "key": "Qasser",
                  "value": 1,
                },
                Object {
                  "key": "Rabiya",
                  "value": 1,
                },
                Object {
                  "key": "Hadiya",
                  "value": 1,
                },
                Object {
                  "key": "Qortuba",
                  "value": 1,
                },
                Object {
                  "key": "Faiha",
                  "value": 1,
                },
                Object {
                  "key": "Al Bidae",
                  "value": 1,
                },
                Object {
                  "key": "Abu Al Hasaniya",
                  "value": 1,
                },
              ]
            }
            onClick={[Function]}
            x="key"
            y="value"
          />
          <BarChart
            data={
              Array [
                Object {
                  "key": "Fridays",
                  "value": 1,
                },
                Object {
                  "key": "Mondays",
                  "value": 1,
                },
                Object {
                  "key": "Saturdays",
                  "value": 6,
                },
                Object {
                  "key": "Sundays",
                  "value": 3,
                },
                Object {
                  "key": "Thursdays",
                  "value": 8,
                },
                Object {
                  "key": "Tuesdays",
                  "value": 2,
                },
                Object {
                  "key": "Wednesdays",
                  "value": 6,
                },
              ]
            }
            onClick={[Function]}
            x="key"
            y="value"
          />
        </FlexGridRow>,
      },
      "ref": null,
      "rendered": Object {
        "instance": null,
        "key": undefined,
        "nodeType": "function",
        "props": Object {
          "children": Array [
            <BarChart
              data={
                Array [
                  Object {
                    "key": "Branch A",
                    "value": 4,
                  },
                  Object {
                    "key": "Branch B",
                    "value": 4,
                  },
                  Object {
                    "key": "Branch C",
                    "value": 3,
                  },
                  Object {
                    "key": "Branch D",
                    "value": 6,
                  },
                  Object {
                    "key": "Branch E",
                    "value": 3,
                  },
                  Object {
                    "key": "Branch F",
                    "value": 7,
                  },
                ]
              }
              onClick={[Function]}
              x="key"
              y="value"
            />,
            <BarChart
              data={
                Array [
                  Object {
                    "key": "Rai",
                    "value": 2,
                  },
                  Object {
                    "key": "Reggai",
                    "value": 2,
                  },
                  Object {
                    "key": "Zahra",
                    "value": 2,
                  },
                  Object {
                    "key": "Qibla",
                    "value": 2,
                  },
                  Object {
                    "key": "Doha",
                    "value": 1,
                  },
                  Object {
                    "key": "Fahaheel",
                    "value": 1,
                  },
                  Object {
                    "key": "Abu Halifa",
                    "value": 1,
                  },
                  Object {
                    "key": "Jaber Al Ahmad",
                    "value": 1,
                  },
                  Object {
                    "key": "Al Qusour",
                    "value": 1,
                  },
                  Object {
                    "key": "Jaber Al Ali",
                    "value": 1,
                  },
                  Object {
                    "key": "Mirqab",
                    "value": 1,
                  },
                  Object {
                    "key": "Nahda",
                    "value": 1,
                  },
                  Object {
                    "key": "Nuzha",
                    "value": 1,
                  },
                  Object {
                    "key": "Qasser",
                    "value": 1,
                  },
                  Object {
                    "key": "Rabiya",
                    "value": 1,
                  },
                  Object {
                    "key": "Hadiya",
                    "value": 1,
                  },
                  Object {
                    "key": "Qortuba",
                    "value": 1,
                  },
                  Object {
                    "key": "Faiha",
                    "value": 1,
                  },
                  Object {
                    "key": "Al Bidae",
                    "value": 1,
                  },
                  Object {
                    "key": "Abu Al Hasaniya",
                    "value": 1,
                  },
                ]
              }
              onClick={[Function]}
              x="key"
              y="value"
            />,
            <BarChart
              data={
                Array [
                  Object {
                    "key": "Fridays",
                    "value": 1,
                  },
                  Object {
                    "key": "Mondays",
                    "value": 1,
                  },
                  Object {
                    "key": "Saturdays",
                    "value": 6,
                  },
                  Object {
                    "key": "Sundays",
                    "value": 3,
                  },
                  Object {
                    "key": "Thursdays",
                    "value": 8,
                  },
                  Object {
                    "key": "Tuesdays",
                    "value": 2,
                  },
                  Object {
                    "key": "Wednesdays",
                    "value": 6,
                  },
                ]
              }
              onClick={[Function]}
              x="key"
              y="value"
            />,
          ],
          "gutter": 48,
          "justify": "space-around",
        },
        "ref": null,
        "rendered": Array [
          Object {
            "instance": null,
            "key": undefined,
            "nodeType": "function",
            "props": Object {
              "data": Array [
                Object {
                  "key": "Branch A",
                  "value": 4,
                },
                Object {
                  "key": "Branch B",
                  "value": 4,
                },
                Object {
                  "key": "Branch C",
                  "value": 3,
                },
                Object {
                  "key": "Branch D",
                  "value": 6,
                },
                Object {
                  "key": "Branch E",
                  "value": 3,
                },
                Object {
                  "key": "Branch F",
                  "value": 7,
                },
              ],
              "onClick": [Function],
              "x": "key",
              "y": "value",
            },
            "ref": null,
            "rendered": null,
            "type": [Function],
          },
          Object {
            "instance": null,
            "key": undefined,
            "nodeType": "function",
            "props": Object {
              "data": Array [
                Object {
                  "key": "Rai",
                  "value": 2,
                },
                Object {
                  "key": "Reggai",
                  "value": 2,
                },
                Object {
                  "key": "Zahra",
                  "value": 2,
                },
                Object {
                  "key": "Qibla",
                  "value": 2,
                },
                Object {
                  "key": "Doha",
                  "value": 1,
                },
                Object {
                  "key": "Fahaheel",
                  "value": 1,
                },
                Object {
                  "key": "Abu Halifa",
                  "value": 1,
                },
                Object {
                  "key": "Jaber Al Ahmad",
                  "value": 1,
                },
                Object {
                  "key": "Al Qusour",
                  "value": 1,
                },
                Object {
                  "key": "Jaber Al Ali",
                  "value": 1,
                },
                Object {
                  "key": "Mirqab",
                  "value": 1,
                },
                Object {
                  "key": "Nahda",
                  "value": 1,
                },
                Object {
                  "key": "Nuzha",
                  "value": 1,
                },
                Object {
                  "key": "Qasser",
                  "value": 1,
                },
                Object {
                  "key": "Rabiya",
                  "value": 1,
                },
                Object {
                  "key": "Hadiya",
                  "value": 1,
                },
                Object {
                  "key": "Qortuba",
                  "value": 1,
                },
                Object {
                  "key": "Faiha",
                  "value": 1,
                },
                Object {
                  "key": "Al Bidae",
                  "value": 1,
                },
                Object {
                  "key": "Abu Al Hasaniya",
                  "value": 1,
                },
              ],
              "onClick": [Function],
              "x": "key",
              "y": "value",
            },
            "ref": null,
            "rendered": null,
            "type": [Function],
          },
          Object {
            "instance": null,
            "key": undefined,
            "nodeType": "function",
            "props": Object {
              "data": Array [
                Object {
                  "key": "Fridays",
                  "value": 1,
                },
                Object {
                  "key": "Mondays",
                  "value": 1,
                },
                Object {
                  "key": "Saturdays",
                  "value": 6,
                },
                Object {
                  "key": "Sundays",
                  "value": 3,
                },
                Object {
                  "key": "Thursdays",
                  "value": 8,
                },
                Object {
                  "key": "Tuesdays",
                  "value": 2,
                },
                Object {
                  "key": "Wednesdays",
                  "value": 6,
                },
              ],
              "onClick": [Function],
              "x": "key",
              "y": "value",
            },
            "ref": null,
            "rendered": null,
            "type": [Function],
          },
        ],
        "type": [Function],
      },
      "type": "div",
    },
  ],
  Symbol(enzyme.__options__): Object {
    "adapter": ReactSixteenAdapter {
      "options": Object {
        "enableComponentDidUpdateOnSetState": true,
        "lifecycles": Object {
          "componentDidUpdate": Object {
            "onSetState": true,
          },
          "getDerivedStateFromProps": true,
          "getSnapshotBeforeUpdate": true,
          "setState": Object {
            "skipsComponentDidUpdateOnNullish": true,
          },
        },
      },
    },
  },
}
`;
